[1/605] Processing OpenCL kernels (core)
[2/605] Building C object 3rdparty/libwebp/CMakeFiles/libwebp.dir/src/dec/alpha_dec.c.o
[3/605] Building CXX object modules/core/CMakeFiles/opencv_core.dir/src/algorithm.cpp.o
[4/605] Building CXX object modules/core/CMakeFiles/opencv_core.dir/src/alloc.cpp.o
[5/605] Building CXX object modules/core/CMakeFiles/opencv_core.dir/src/arithm.cpp.o
[6/605] Building CXX object modules/core/CMakeFiles/opencv_core.dir/src/array.cpp.o
[7/605] Building CXX object modules/core/CMakeFiles/opencv_core.dir/src/async.cpp.o
[8/605] Building CXX object modules/core/CMakeFiles/opencv_core.dir/src/arithm.dispatch.cpp.o
[9/605] Building CXX object modules/core/CMakeFiles/opencv_core.dir/src/batch_distance.cpp.o
[10/605] Building CXX object modules/core/CMakeFiles/opencv_core.dir/src/buffer_area.cpp.o
[11/605] Building CXX object modules/core/CMakeFiles/opencv_core.dir/src/bindings_utils.cpp.o
[12/605] Building CXX object modules/core/CMakeFiles/opencv_core.dir/src/channels.cpp.o
[13/605] Building CXX object modules/core/CMakeFiles/opencv_core.dir/src/check.cpp.o
[14/605] Building CXX object modules/core/CMakeFiles/opencv_core.dir/src/conjugate_gradient.cpp.o
[15/605] Building CXX object modules/core/CMakeFiles/opencv_core.dir/src/command_line_parser.cpp.o
[16/605] Building CXX object modules/core/CMakeFiles/opencv_core.dir/src/convert_c.cpp.o
[17/605] Building CXX object modules/core/CMakeFiles/opencv_core.dir/src/convert.dispatch.cpp.o
[18/605] Building CXX object modules/core/CMakeFiles/opencv_core.dir/src/copy.cpp.o
[19/605] Building CXX object modules/core/CMakeFiles/opencv_core.dir/src/convert_scale.dispatch.cpp.o
[20/605] Building CXX object modules/core/CMakeFiles/opencv_core.dir/src/count_non_zero.dispatch.cpp.o
[21/605] Building CXX object modules/core/CMakeFiles/opencv_core.dir/src/cuda_gpu_mat.cpp.o
[22/605] Building CXX object modules/core/CMakeFiles/opencv_core.dir/src/cuda_gpu_mat_nd.cpp.o
[23/605] Building CXX object modules/core/CMakeFiles/opencv_core.dir/src/cuda_host_mem.cpp.o
[24/605] Building CXX object modules/core/CMakeFiles/opencv_core.dir/src/cuda_info.cpp.o
[25/605] Building CXX object modules/core/CMakeFiles/opencv_core.dir/src/cuda_stream.cpp.o
[26/605] Building CXX object modules/core/CMakeFiles/opencv_core.dir/src/directx.cpp.o
[27/605] Building CXX object modules/core/CMakeFiles/opencv_core.dir/src/datastructs.cpp.o
[28/605] Building CXX object modules/core/CMakeFiles/opencv_core.dir/src/downhill_simplex.cpp.o
[29/605] Building CXX object modules/core/CMakeFiles/opencv_core.dir/src/gl_core_3_1.cpp.o
[30/605] Building CXX object modules/core/CMakeFiles/opencv_core.dir/src/glob.cpp.o
[31/605] Building CXX object modules/core/CMakeFiles/opencv_core.dir/src/dxt.cpp.o
[32/605] Building CXX object modules/core/CMakeFiles/opencv_core.dir/src/hal_internal.cpp.o
[33/605] Building CXX object modules/core/CMakeFiles/opencv_core.dir/src/kmeans.cpp.o
[34/605] Building CXX object modules/core/CMakeFiles/opencv_core.dir/src/lapack.cpp.o
[35/605] Building CXX object modules/core/CMakeFiles/opencv_core.dir/src/lda.cpp.o
[36/605] Building CXX object modules/core/CMakeFiles/opencv_core.dir/src/logger.cpp.o
[37/605] Building CXX object modules/core/CMakeFiles/opencv_core.dir/src/lpsolver.cpp.o
[38/605] Building CXX object modules/core/CMakeFiles/opencv_core.dir/src/lut.cpp.o
[39/605] Building CXX object modules/core/CMakeFiles/opencv_core.dir/src/mathfuncs_core.dispatch.cpp.o
[40/605] Building CXX object modules/core/CMakeFiles/opencv_core.dir/src/mathfuncs.cpp.o
[41/605] Building CXX object modules/core/CMakeFiles/opencv_core.dir/src/matrix.cpp.o
[42/605] Building CXX object modules/core/CMakeFiles/opencv_core.dir/src/matrix_c.cpp.o
[43/605] Building CXX object modules/core/CMakeFiles/opencv_core.dir/src/matrix_decomp.cpp.o
[44/605] Building CXX object modules/core/CMakeFiles/opencv_core.dir/src/matmul.dispatch.cpp.o
[45/605] Building CXX object modules/core/CMakeFiles/opencv_core.dir/src/matrix_expressions.cpp.o
[46/605] Building CXX object modules/core/CMakeFiles/opencv_core.dir/src/matrix_iterator.cpp.o
[47/605] Building CXX object modules/core/CMakeFiles/opencv_core.dir/src/matrix_sparse.cpp.o
[48/605] Building CXX object modules/core/CMakeFiles/opencv_core.dir/src/matrix_operations.cpp.o
[49/605] Building CXX object modules/core/CMakeFiles/opencv_core.dir/src/matrix_transform.cpp.o
[50/605] Building CXX object modules/core/CMakeFiles/opencv_core.dir/src/mean.dispatch.cpp.o
[51/605] Building CXX object modules/core/CMakeFiles/opencv_core.dir/src/matrix_wrap.cpp.o
[52/605] Building CXX object modules/core/CMakeFiles/opencv_core.dir/src/merge.dispatch.cpp.o
[53/605] Building CXX object modules/core/CMakeFiles/opencv_core.dir/src/minmax.cpp.o
[54/605] Building CXX object modules/core/CMakeFiles/opencv_core.dir/src/norm.cpp.o
[55/605] Building CXX object modules/core/CMakeFiles/opencv_core.dir/src/ocl.cpp.o
[56/605] Building CXX object modules/core/CMakeFiles/opencv_core.dir/src/opencl/runtime/opencl_clblas.cpp.o
[57/605] Building CXX object modules/core/CMakeFiles/opencv_core.dir/src/opencl/runtime/opencl_clfft.cpp.o
[58/605] Building CXX object modules/core/CMakeFiles/opencv_core.dir/src/opencl/runtime/opencl_core.cpp.o
[59/605] Building CXX object modules/core/CMakeFiles/opencv_core.dir/src/opengl.cpp.o
[60/605] Building CXX object modules/core/CMakeFiles/opencv_core.dir/src/ovx.cpp.o
[61/605] Building CXX object modules/core/CMakeFiles/opencv_core.dir/src/out.cpp.o
[62/605] Building CXX object modules/core/CMakeFiles/opencv_core.dir/src/parallel.cpp.o
[63/605] Building CXX object modules/core/CMakeFiles/opencv_core.dir/src/parallel/parallel_openmp.cpp.o
[64/605] Building CXX object modules/core/CMakeFiles/opencv_core.dir/src/parallel/parallel_tbb.cpp.o
[65/605] Building CXX object modules/core/CMakeFiles/opencv_core.dir/src/parallel/parallel.cpp.o
[66/605] Building CXX object modules/core/CMakeFiles/opencv_core.dir/src/pca.cpp.o
[67/605] Building CXX object modules/core/CMakeFiles/opencv_core.dir/src/parallel_impl.cpp.o
[68/605] Building CXX object modules/core/CMakeFiles/opencv_core.dir/src/persistence_base64_encoding.cpp.o
[69/605] Building CXX object modules/core/CMakeFiles/opencv_core.dir/src/persistence_json.cpp.o
[70/605] Building CXX object modules/core/CMakeFiles/opencv_core.dir/src/persistence.cpp.o
[71/605] Building CXX object modules/core/CMakeFiles/opencv_core.dir/src/persistence_types.cpp.o
[72/605] Building CXX object modules/core/CMakeFiles/opencv_core.dir/src/persistence_xml.cpp.o
[73/605] Building CXX object modules/core/CMakeFiles/opencv_core.dir/src/persistence_yml.cpp.o
[74/605] Building CXX object modules/core/CMakeFiles/opencv_core.dir/src/rand.cpp.o
[75/605] Building CXX object modules/core/CMakeFiles/opencv_core.dir/src/softfloat.cpp.o
[76/605] Building CXX object modules/core/CMakeFiles/opencv_core.dir/src/split.dispatch.cpp.o
[77/605] Building CXX object modules/core/CMakeFiles/opencv_core.dir/src/stat.dispatch.cpp.o
[78/605] Building CXX object modules/core/CMakeFiles/opencv_core.dir/src/stat_c.cpp.o
[79/605] Building CXX object modules/core/CMakeFiles/opencv_core.dir/src/stl.cpp.o
[80/605] Building CXX object modules/core/CMakeFiles/opencv_core.dir/src/sum.dispatch.cpp.o
[81/605] Building CXX object modules/core/CMakeFiles/opencv_core.dir/src/tables.cpp.o
[82/605] Building CXX object modules/core/CMakeFiles/opencv_core.dir/src/system.cpp.o
[83/605] Building CXX object modules/core/CMakeFiles/opencv_core.dir/src/types.cpp.o
[84/605] Building CXX object modules/core/CMakeFiles/opencv_core.dir/src/trace.cpp.o
[85/605] Building CXX object modules/core/CMakeFiles/opencv_core.dir/src/umatrix.cpp.o
[86/605] Building CXX object modules/core/CMakeFiles/opencv_core.dir/src/utils/datafile.cpp.o
[87/605] Building CXX object modules/core/CMakeFiles/opencv_core.dir/src/utils/filesystem.cpp.o
[88/605] Building CXX object modules/core/CMakeFiles/opencv_core.dir/src/utils/logtagconfigparser.cpp.o
[89/605] Building CXX object modules/core/CMakeFiles/opencv_core.dir/src/utils/samples.cpp.o
[90/605] Building CXX object modules/core/CMakeFiles/opencv_core.dir/src/utils/logtagmanager.cpp.o
[91/605] Building CXX object modules/core/CMakeFiles/opencv_core.dir/src/va_intel.cpp.o
[92/605] Building CXX object modules/core/CMakeFiles/opencv_core.dir/opencl_kernels_core.cpp.o
[93/605] Building CXX object modules/core/CMakeFiles/opencv_core.dir/matmul.sse4_1.cpp.o
[94/605] Building CXX object modules/core/CMakeFiles/opencv_core.dir/stat.sse4_2.cpp.o
[95/605] Building CXX object modules/core/CMakeFiles/opencv_core.dir/arithm.sse4_1.cpp.o
[96/605] Building CXX object modules/core/CMakeFiles/opencv_core.dir/mathfuncs_core.avx.cpp.o
[97/605] Building CXX object modules/core/CMakeFiles/opencv_core.dir/mathfuncs_core.avx2.cpp.o
[98/605] Building CXX object modules/core/CMakeFiles/opencv_core.dir/stat.avx2.cpp.o
[99/605] Building CXX object modules/core/CMakeFiles/opencv_core.dir/convert.avx2.cpp.o
[100/605] Building CXX object modules/core/CMakeFiles/opencv_core.dir/convert_scale.avx2.cpp.o
[101/605] Building CXX object modules/core/CMakeFiles/opencv_core.dir/arithm.avx2.cpp.o
[102/605] Building CXX object modules/core/CMakeFiles/opencv_core.dir/count_non_zero.avx2.cpp.o
[103/605] Building CXX object modules/core/CMakeFiles/opencv_core.dir/mean.avx2.cpp.o
[104/605] Building CXX object modules/core/CMakeFiles/opencv_core.dir/merge.avx2.cpp.o
[105/605] Building CXX object modules/core/CMakeFiles/opencv_core.dir/matmul.avx2.cpp.o
[106/605] Building CXX object modules/core/CMakeFiles/opencv_core.dir/split.avx2.cpp.o
[107/605] Building CXX object modules/core/CMakeFiles/opencv_core.dir/sum.avx2.cpp.o
[108/605] Building C object 3rdparty/libwebp/CMakeFiles/libwebp.dir/src/dec/buffer_dec.c.o
[109/605] Building C object 3rdparty/libwebp/CMakeFiles/libwebp.dir/src/dec/frame_dec.c.o
[110/605] Building C object 3rdparty/libwebp/CMakeFiles/libwebp.dir/src/dec/idec_dec.c.o
[111/605] Building C object 3rdparty/libwebp/CMakeFiles/libwebp.dir/src/dec/io_dec.c.o
[112/605] Building C object 3rdparty/libwebp/CMakeFiles/libwebp.dir/src/dec/quant_dec.c.o
[113/605] Building C object 3rdparty/libwebp/CMakeFiles/libwebp.dir/src/dec/tree_dec.c.o
[114/605] Building C object 3rdparty/libwebp/CMakeFiles/libwebp.dir/src/dec/vp8_dec.c.o
[115/605] Building C object 3rdparty/libwebp/CMakeFiles/libwebp.dir/src/dec/vp8l_dec.c.o
[116/605] Building C object 3rdparty/libwebp/CMakeFiles/libwebp.dir/src/dec/webp_dec.c.o
[117/605] Building C object 3rdparty/libwebp/CMakeFiles/libwebp.dir/src/demux/anim_decode.c.o
[118/605] Building C object 3rdparty/libwebp/CMakeFiles/libwebp.dir/src/demux/demux.c.o
[119/605] Building C object 3rdparty/libwebp/CMakeFiles/libwebp.dir/src/dsp/alpha_processing.c.o
[120/605] Building C object 3rdparty/libwebp/CMakeFiles/libwebp.dir/src/dsp/alpha_processing_mips_dsp_r2.c.o
[121/605] Building C object 3rdparty/libwebp/CMakeFiles/libwebp.dir/src/dsp/alpha_processing_neon.c.o
[122/605] Building C object 3rdparty/libwebp/CMakeFiles/libwebp.dir/src/dsp/alpha_processing_sse2.c.o
[123/605] Building C object 3rdparty/libwebp/CMakeFiles/libwebp.dir/src/dsp/alpha_processing_sse41.c.o
[124/605] Building C object 3rdparty/libwebp/CMakeFiles/libwebp.dir/src/dsp/cost.c.o
[125/605] Building C object 3rdparty/libwebp/CMakeFiles/libwebp.dir/src/dsp/cost_mips32.c.o
[126/605] Building C object 3rdparty/libwebp/CMakeFiles/libwebp.dir/src/dsp/cost_mips_dsp_r2.c.o
[127/605] Building C object 3rdparty/libwebp/CMakeFiles/libwebp.dir/src/dsp/cost_neon.c.o
[128/605] Building C object 3rdparty/libwebp/CMakeFiles/libwebp.dir/src/dsp/cost_sse2.c.o
[129/605] Building C object 3rdparty/libwebp/CMakeFiles/libwebp.dir/src/dsp/cpu.c.o
[130/605] Building C object 3rdparty/libwebp/CMakeFiles/libwebp.dir/src/dsp/dec.c.o
[131/605] Building C object 3rdparty/libwebp/CMakeFiles/libwebp.dir/src/dsp/dec_clip_tables.c.o
[132/605] Building CXX object modules/core/CMakeFiles/opencv_core.dir/matmul.avx512_skx.cpp.o
[133/605] Building C object 3rdparty/libwebp/CMakeFiles/libwebp.dir/src/dsp/dec_mips32.c.o
[134/605] Building C object 3rdparty/libwebp/CMakeFiles/libwebp.dir/src/dsp/dec_mips_dsp_r2.c.o
[135/605] Building C object 3rdparty/libwebp/CMakeFiles/libwebp.dir/src/dsp/dec_msa.c.o
[136/605] Building C object 3rdparty/libwebp/CMakeFiles/libwebp.dir/src/dsp/dec_neon.c.o
[137/605] Linking CXX shared library lib/libopencv_core.so.4.7.0
[138/605] Creating library symlink lib/libopencv_core.so.407 lib/libopencv_core.so
[139/605] Processing OpenCL kernels (imgproc)
[140/605] Building C object 3rdparty/libwebp/CMakeFiles/libwebp.dir/src/dsp/dec_sse2.c.o
[141/605] Building CXX object modules/imgproc/CMakeFiles/opencv_imgproc.dir/src/accum.cpp.o
[142/605] Building CXX object modules/imgproc/CMakeFiles/opencv_imgproc.dir/src/approx.cpp.o
[143/605] Building CXX object modules/imgproc/CMakeFiles/opencv_imgproc.dir/src/accum.dispatch.cpp.o
[144/605] Building CXX object modules/imgproc/CMakeFiles/opencv_imgproc.dir/src/bilateral_filter.dispatch.cpp.o
[145/605] Building CXX object modules/imgproc/CMakeFiles/opencv_imgproc.dir/src/blend.cpp.o
[146/605] Building CXX object modules/imgproc/CMakeFiles/opencv_imgproc.dir/src/canny.cpp.o
[147/605] Building CXX object modules/imgproc/CMakeFiles/opencv_imgproc.dir/src/clahe.cpp.o
[148/605] Building CXX object modules/imgproc/CMakeFiles/opencv_imgproc.dir/src/box_filter.dispatch.cpp.o
[149/605] Building CXX object modules/imgproc/CMakeFiles/opencv_imgproc.dir/src/color.cpp.o
[150/605] Building CXX object modules/imgproc/CMakeFiles/opencv_imgproc.dir/src/color_hsv.dispatch.cpp.o
[151/605] Building CXX object modules/imgproc/CMakeFiles/opencv_imgproc.dir/src/color_lab.cpp.o
[152/605] Building CXX object modules/imgproc/CMakeFiles/opencv_imgproc.dir/src/color_rgb.dispatch.cpp.o
[153/605] Building CXX object modules/imgproc/CMakeFiles/opencv_imgproc.dir/src/colormap.cpp.o
[154/605] Building CXX object modules/imgproc/CMakeFiles/opencv_imgproc.dir/src/color_yuv.dispatch.cpp.o
[155/605] Building CXX object modules/imgproc/CMakeFiles/opencv_imgproc.dir/src/contours.cpp.o
[156/605] Building CXX object modules/imgproc/CMakeFiles/opencv_imgproc.dir/src/convhull.cpp.o
[157/605] Building CXX object modules/imgproc/CMakeFiles/opencv_imgproc.dir/src/corner.cpp.o
[158/605] Building CXX object modules/imgproc/CMakeFiles/opencv_imgproc.dir/src/cornersubpix.cpp.o
[159/605] Building CXX object modules/imgproc/CMakeFiles/opencv_imgproc.dir/src/demosaicing.cpp.o
[160/605] Building CXX object modules/imgproc/CMakeFiles/opencv_imgproc.dir/src/deriv.cpp.o
[161/605] Building CXX object modules/imgproc/CMakeFiles/opencv_imgproc.dir/src/distransform.cpp.o
[162/605] Building CXX object modules/imgproc/CMakeFiles/opencv_imgproc.dir/src/drawing.cpp.o
[163/605] Building CXX object modules/imgproc/CMakeFiles/opencv_imgproc.dir/src/emd.cpp.o
[164/605] Building CXX object modules/imgproc/CMakeFiles/opencv_imgproc.dir/src/featureselect.cpp.o
[165/605] Building CXX object modules/imgproc/CMakeFiles/opencv_imgproc.dir/src/connectedcomponents.cpp.o
[166/605] Building CXX object modules/imgproc/CMakeFiles/opencv_imgproc.dir/src/floodfill.cpp.o
[167/605] Building CXX object modules/imgproc/CMakeFiles/opencv_imgproc.dir/src/gabor.cpp.o
[168/605] Building CXX object modules/imgproc/CMakeFiles/opencv_imgproc.dir/src/generalized_hough.cpp.o
[169/605] Building CXX object modules/imgproc/CMakeFiles/opencv_imgproc.dir/src/geometry.cpp.o
[170/605] Building CXX object modules/imgproc/CMakeFiles/opencv_imgproc.dir/src/grabcut.cpp.o
[171/605] Building CXX object modules/imgproc/CMakeFiles/opencv_imgproc.dir/src/filter.dispatch.cpp.o
[172/605] Building CXX object modules/imgproc/CMakeFiles/opencv_imgproc.dir/src/hershey_fonts.cpp.o
[173/605] Building CXX object modules/imgproc/CMakeFiles/opencv_imgproc.dir/src/histogram.cpp.o
[174/605] Building CXX object modules/imgproc/CMakeFiles/opencv_imgproc.dir/src/hough.cpp.o
[175/605] Building CXX object modules/imgproc/CMakeFiles/opencv_imgproc.dir/src/intelligent_scissors.cpp.o
[176/605] Building CXX object modules/imgproc/CMakeFiles/opencv_imgproc.dir/src/intersection.cpp.o
[177/605] Building CXX object modules/imgproc/CMakeFiles/opencv_imgproc.dir/src/linefit.cpp.o
[178/605] Building CXX object modules/imgproc/CMakeFiles/opencv_imgproc.dir/src/imgwarp.cpp.o
[179/605] Building CXX object modules/imgproc/CMakeFiles/opencv_imgproc.dir/src/lsd.cpp.o
[180/605] Building CXX object modules/imgproc/CMakeFiles/opencv_imgproc.dir/src/main.cpp.o
[181/605] Building CXX object modules/imgproc/CMakeFiles/opencv_imgproc.dir/src/matchcontours.cpp.o
[182/605] Building CXX object modules/imgproc/CMakeFiles/opencv_imgproc.dir/src/min_enclosing_triangle.cpp.o
[183/605] Building CXX object modules/imgproc/CMakeFiles/opencv_imgproc.dir/src/moments.cpp.o
[184/605] Building CXX object modules/imgproc/CMakeFiles/opencv_imgproc.dir/src/median_blur.dispatch.cpp.o
[185/605] Building CXX object modules/imgproc/CMakeFiles/opencv_imgproc.dir/src/phasecorr.cpp.o
[186/605] Building CXX object modules/imgproc/CMakeFiles/opencv_imgproc.dir/src/morph.dispatch.cpp.o
[187/605] Building CXX object modules/imgproc/CMakeFiles/opencv_imgproc.dir/src/pyramids.cpp.o
[188/605] Building CXX object modules/imgproc/CMakeFiles/opencv_imgproc.dir/src/rotcalipers.cpp.o
[189/605] Building CXX object modules/imgproc/CMakeFiles/opencv_imgproc.dir/src/samplers.cpp.o
[190/605] Building CXX object modules/imgproc/CMakeFiles/opencv_imgproc.dir/src/segmentation.cpp.o
[191/605] Building CXX object modules/imgproc/CMakeFiles/opencv_imgproc.dir/src/shapedescr.cpp.o
[192/605] Building CXX object modules/imgproc/CMakeFiles/opencv_imgproc.dir/src/resize.cpp.o
[193/605] Building CXX object modules/imgproc/CMakeFiles/opencv_imgproc.dir/src/spatialgradient.cpp.o
[194/605] Building CXX object modules/imgproc/CMakeFiles/opencv_imgproc.dir/src/stackblur.cpp.o
[195/605] Building CXX object modules/imgproc/CMakeFiles/opencv_imgproc.dir/src/smooth.dispatch.cpp.o
[196/605] Building CXX object modules/imgproc/CMakeFiles/opencv_imgproc.dir/src/subdivision2d.cpp.o
[197/605] Building CXX object modules/imgproc/CMakeFiles/opencv_imgproc.dir/src/tables.cpp.o
[198/605] Building CXX object modules/imgproc/CMakeFiles/opencv_imgproc.dir/src/sumpixels.dispatch.cpp.o
[199/605] Building CXX object modules/imgproc/CMakeFiles/opencv_imgproc.dir/src/templmatch.cpp.o
[200/605] Building CXX object modules/imgproc/CMakeFiles/opencv_imgproc.dir/src/utils.cpp.o
[201/605] Building CXX object modules/imgproc/CMakeFiles/opencv_imgproc.dir/src/thresh.cpp.o
[202/605] Building CXX object modules/imgproc/CMakeFiles/opencv_imgproc.dir/opencl_kernels_imgproc.cpp.o
[203/605] Building CXX object modules/imgproc/CMakeFiles/opencv_imgproc.dir/src/resize.sse4_1.cpp.o
[204/605] Building CXX object modules/imgproc/CMakeFiles/opencv_imgproc.dir/src/imgwarp.sse4_1.cpp.o
[205/605] Building CXX object modules/imgproc/CMakeFiles/opencv_imgproc.dir/accum.sse4_1.cpp.o
[206/605] Building CXX object modules/imgproc/CMakeFiles/opencv_imgproc.dir/box_filter.sse4_1.cpp.o
[207/605] Building CXX object modules/imgproc/CMakeFiles/opencv_imgproc.dir/color_hsv.sse4_1.cpp.o
[208/605] Building CXX object modules/imgproc/CMakeFiles/opencv_imgproc.dir/color_rgb.sse4_1.cpp.o
[209/605] Building CXX object modules/imgproc/CMakeFiles/opencv_imgproc.dir/filter.sse4_1.cpp.o
[210/605] Building CXX object modules/imgproc/CMakeFiles/opencv_imgproc.dir/color_yuv.sse4_1.cpp.o
[211/605] Building CXX object modules/imgproc/CMakeFiles/opencv_imgproc.dir/median_blur.sse4_1.cpp.o
[212/605] Building CXX object modules/imgproc/CMakeFiles/opencv_imgproc.dir/morph.sse4_1.cpp.o
[213/605] Building CXX object modules/imgproc/CMakeFiles/opencv_imgproc.dir/src/corner.avx.cpp.o
[214/605] Building CXX object modules/imgproc/CMakeFiles/opencv_imgproc.dir/smooth.sse4_1.cpp.o
[215/605] Building CXX object modules/imgproc/CMakeFiles/opencv_imgproc.dir/accum.avx.cpp.o
[216/605] Building CXX object modules/imgproc/CMakeFiles/opencv_imgproc.dir/src/imgwarp.avx2.cpp.o
[217/605] Building CXX object modules/imgproc/CMakeFiles/opencv_imgproc.dir/src/resize.avx2.cpp.o
[218/605] Building CXX object modules/imgproc/CMakeFiles/opencv_imgproc.dir/bilateral_filter.avx2.cpp.o
[219/605] Building CXX object modules/imgproc/CMakeFiles/opencv_imgproc.dir/accum.avx2.cpp.o
[220/605] Building CXX object modules/imgproc/CMakeFiles/opencv_imgproc.dir/box_filter.avx2.cpp.o
[221/605] Building CXX object modules/imgproc/CMakeFiles/opencv_imgproc.dir/color_hsv.avx2.cpp.o
[222/605] Building CXX object modules/imgproc/CMakeFiles/opencv_imgproc.dir/color_rgb.avx2.cpp.o
[223/605] Building CXX object modules/imgproc/CMakeFiles/opencv_imgproc.dir/filter.avx2.cpp.o
[224/605] Building CXX object modules/imgproc/CMakeFiles/opencv_imgproc.dir/median_blur.avx2.cpp.o
[225/605] Building CXX object modules/imgproc/CMakeFiles/opencv_imgproc.dir/color_yuv.avx2.cpp.o
[226/605] Building CXX object modules/imgproc/CMakeFiles/opencv_imgproc.dir/morph.avx2.cpp.o
[227/605] Building CXX object modules/imgproc/CMakeFiles/opencv_imgproc.dir/sumpixels.avx2.cpp.o
[228/605] Building CXX object modules/imgproc/CMakeFiles/opencv_imgproc.dir/sumpixels.avx512_skx.cpp.o
[229/605] Building C object 3rdparty/libwebp/CMakeFiles/libwebp.dir/src/dsp/dec_sse41.c.o
[230/605] Building C object 3rdparty/libwebp/CMakeFiles/libwebp.dir/src/dsp/enc.c.o
[231/605] Building C object 3rdparty/libwebp/CMakeFiles/libwebp.dir/src/dsp/enc_mips32.c.o
[232/605] Building C object 3rdparty/libwebp/CMakeFiles/libwebp.dir/src/dsp/enc_mips_dsp_r2.c.o
[233/605] Building C object 3rdparty/libwebp/CMakeFiles/libwebp.dir/src/dsp/enc_msa.c.o
[234/605] Building C object 3rdparty/libwebp/CMakeFiles/libwebp.dir/src/dsp/enc_neon.c.o
[235/605] Building CXX object modules/imgproc/CMakeFiles/opencv_imgproc.dir/smooth.avx2.cpp.o
[236/605] Building C object 3rdparty/libwebp/CMakeFiles/libwebp.dir/src/dsp/enc_sse41.c.o
[237/605] Building C object 3rdparty/libwebp/CMakeFiles/libwebp.dir/src/dsp/filters.c.o
[238/605] Building C object 3rdparty/libwebp/CMakeFiles/libwebp.dir/src/dsp/filters_mips_dsp_r2.c.o
[239/605] Building C object 3rdparty/libwebp/CMakeFiles/libwebp.dir/src/dsp/filters_msa.c.o
[240/605] Building C object 3rdparty/libwebp/CMakeFiles/libwebp.dir/src/dsp/filters_neon.c.o
[241/605] Building C object 3rdparty/libwebp/CMakeFiles/libwebp.dir/src/dsp/enc_sse2.c.o
[242/605] Building C object 3rdparty/libwebp/CMakeFiles/libwebp.dir/src/dsp/filters_sse2.c.o
[243/605] Building C object 3rdparty/libwebp/CMakeFiles/libwebp.dir/src/dsp/lossless_enc.c.o
[244/605] Building C object 3rdparty/libwebp/CMakeFiles/libwebp.dir/src/dsp/lossless.c.o
[245/605] Building C object 3rdparty/libwebp/CMakeFiles/libwebp.dir/src/dsp/lossless_enc_mips32.c.o
[246/605] Building C object 3rdparty/libwebp/CMakeFiles/libwebp.dir/src/dsp/lossless_enc_mips_dsp_r2.c.o
[247/605] Building C object 3rdparty/libwebp/CMakeFiles/libwebp.dir/src/dsp/lossless_enc_msa.c.o
[248/605] Building C object 3rdparty/libwebp/CMakeFiles/libwebp.dir/src/dsp/lossless_enc_neon.c.o
[249/605] Building C object 3rdparty/libwebp/CMakeFiles/libwebp.dir/src/dsp/lossless_enc_sse41.c.o
[250/605] Building C object 3rdparty/libwebp/CMakeFiles/libwebp.dir/src/dsp/lossless_mips_dsp_r2.c.o
[251/605] Building C object 3rdparty/libwebp/CMakeFiles/libwebp.dir/src/dsp/lossless_msa.c.o
[252/605] Building C object 3rdparty/libwebp/CMakeFiles/libwebp.dir/src/dsp/lossless_neon.c.o
[253/605] Building C object 3rdparty/libwebp/CMakeFiles/libwebp.dir/src/dsp/lossless_enc_sse2.c.o
[254/605] Building C object 3rdparty/libwebp/CMakeFiles/libwebp.dir/src/dsp/lossless_sse2.c.o
[255/605] Building C object 3rdparty/libwebp/CMakeFiles/libwebp.dir/src/dsp/rescaler_mips32.c.o
[256/605] Building C object 3rdparty/libwebp/CMakeFiles/libwebp.dir/src/dsp/rescaler_mips_dsp_r2.c.o
[257/605] Building C object 3rdparty/libwebp/CMakeFiles/libwebp.dir/src/dsp/rescaler_msa.c.o
[258/605] Building C object 3rdparty/libwebp/CMakeFiles/libwebp.dir/src/dsp/rescaler_neon.c.o
[259/605] Building C object 3rdparty/libwebp/CMakeFiles/libwebp.dir/src/dsp/rescaler.c.o
[260/605] Building C object 3rdparty/libwebp/CMakeFiles/libwebp.dir/src/dsp/rescaler_sse2.c.o
[261/605] Building C object 3rdparty/libwebp/CMakeFiles/libwebp.dir/src/dsp/ssim.c.o
[262/605] Building C object 3rdparty/libwebp/CMakeFiles/libwebp.dir/src/dsp/ssim_sse2.c.o
[263/605] Building C object 3rdparty/libwebp/CMakeFiles/libwebp.dir/src/dsp/upsampling_mips_dsp_r2.c.o
[264/605] Building C object 3rdparty/libwebp/CMakeFiles/libwebp.dir/src/dsp/upsampling_msa.c.o
[265/605] Building C object 3rdparty/libwebp/CMakeFiles/libwebp.dir/src/dsp/upsampling_neon.c.o
[266/605] Building C object 3rdparty/libwebp/CMakeFiles/libwebp.dir/src/dsp/upsampling_sse2.c.o
[267/605] Building C object 3rdparty/libwebp/CMakeFiles/libwebp.dir/src/dsp/upsampling_sse41.c.o
[268/605] Building C object 3rdparty/libwebp/CMakeFiles/libwebp.dir/src/dsp/upsampling.c.o
[269/605] Building C object 3rdparty/libwebp/CMakeFiles/libwebp.dir/src/dsp/yuv_mips32.c.o
[270/605] Building C object 3rdparty/libwebp/CMakeFiles/libwebp.dir/src/dsp/yuv_mips_dsp_r2.c.o
[271/605] Building C object 3rdparty/libwebp/CMakeFiles/libwebp.dir/src/dsp/yuv_neon.c.o
[272/605] Building C object 3rdparty/libwebp/CMakeFiles/libwebp.dir/src/dsp/yuv_sse2.c.o
[273/605] Building C object 3rdparty/libwebp/CMakeFiles/libwebp.dir/src/dsp/yuv_sse41.c.o
[274/605] Building C object 3rdparty/libwebp/CMakeFiles/libwebp.dir/src/enc/alpha_enc.c.o
[275/605] Building C object 3rdparty/libwebp/CMakeFiles/libwebp.dir/src/enc/analysis_enc.c.o
[276/605] Building C object 3rdparty/libwebp/CMakeFiles/libwebp.dir/src/dsp/yuv.c.o
[277/605] Building C object 3rdparty/libwebp/CMakeFiles/libwebp.dir/src/enc/backward_references_cost_enc.c.o
[278/605] Building C object 3rdparty/libwebp/CMakeFiles/libwebp.dir/src/enc/config_enc.c.o
[279/605] Building C object 3rdparty/libwebp/CMakeFiles/libwebp.dir/src/enc/backward_references_enc.c.o
[280/605] Building C object 3rdparty/libwebp/CMakeFiles/libwebp.dir/src/enc/filter_enc.c.o
[281/605] Building C object 3rdparty/libwebp/CMakeFiles/libwebp.dir/src/enc/cost_enc.c.o
[282/605] Building C object 3rdparty/libwebp/CMakeFiles/libwebp.dir/src/enc/frame_enc.c.o
[283/605] Building C object 3rdparty/libwebp/CMakeFiles/libwebp.dir/src/enc/histogram_enc.c.o
[284/605] Building C object 3rdparty/libwebp/CMakeFiles/libwebp.dir/src/enc/near_lossless_enc.c.o
[285/605] Building C object 3rdparty/libwebp/CMakeFiles/libwebp.dir/src/enc/iterator_enc.c.o
[286/605] Building C object 3rdparty/libwebp/CMakeFiles/libwebp.dir/src/enc/picture_enc.c.o
[287/605] Building C object 3rdparty/libwebp/CMakeFiles/libwebp.dir/src/enc/picture_psnr_enc.c.o
[288/605] Building C object 3rdparty/libwebp/CMakeFiles/libwebp.dir/src/enc/picture_rescale_enc.c.o
[289/605] Building C object 3rdparty/libwebp/CMakeFiles/libwebp.dir/src/enc/picture_tools_enc.c.o
[290/605] Building C object 3rdparty/libwebp/CMakeFiles/libwebp.dir/src/enc/picture_csp_enc.c.o
[291/605] Building C object 3rdparty/libwebp/CMakeFiles/libwebp.dir/src/enc/predictor_enc.c.o
[292/605] Building C object 3rdparty/libwebp/CMakeFiles/libwebp.dir/src/enc/syntax_enc.c.o
[293/605] Building C object 3rdparty/libwebp/CMakeFiles/libwebp.dir/src/enc/token_enc.c.o
[294/605] Building C object 3rdparty/libwebp/CMakeFiles/libwebp.dir/src/enc/tree_enc.c.o
[295/605] Building C object 3rdparty/libwebp/CMakeFiles/libwebp.dir/src/enc/quant_enc.c.o
[296/605] Building C object 3rdparty/libwebp/CMakeFiles/libwebp.dir/src/enc/webp_enc.c.o
[297/605] Building C object 3rdparty/libwebp/CMakeFiles/libwebp.dir/src/mux/anim_encode.c.o
[298/605] Building C object 3rdparty/libwebp/CMakeFiles/libwebp.dir/src/enc/vp8l_enc.c.o
[299/605] Building C object 3rdparty/libwebp/CMakeFiles/libwebp.dir/src/mux/muxedit.c.o
[300/605] Building C object 3rdparty/libwebp/CMakeFiles/libwebp.dir/src/mux/muxinternal.c.o
[301/605] Building C object 3rdparty/libwebp/CMakeFiles/libwebp.dir/src/utils/bit_reader_utils.c.o
[302/605] Building C object 3rdparty/libwebp/CMakeFiles/libwebp.dir/src/mux/muxread.c.o
[303/605] Building C object 3rdparty/libwebp/CMakeFiles/libwebp.dir/src/utils/color_cache_utils.c.o
[304/605] Building C object 3rdparty/libwebp/CMakeFiles/libwebp.dir/src/utils/filters_utils.c.o
[305/605] Building C object 3rdparty/libwebp/CMakeFiles/libwebp.dir/src/utils/bit_writer_utils.c.o
[306/605] Building C object 3rdparty/libwebp/CMakeFiles/libwebp.dir/src/utils/huffman_utils.c.o
[307/605] Building C object 3rdparty/libwebp/CMakeFiles/libwebp.dir/src/utils/huffman_encode_utils.c.o
[308/605] Building C object 3rdparty/libwebp/CMakeFiles/libwebp.dir/src/utils/quant_levels_utils.c.o
[309/605] Building C object 3rdparty/libwebp/CMakeFiles/libwebp.dir/src/utils/random_utils.c.o
[310/605] Building C object 3rdparty/libwebp/CMakeFiles/libwebp.dir/src/utils/quant_levels_dec_utils.c.o
[311/605] Building C object 3rdparty/libwebp/CMakeFiles/libwebp.dir/src/utils/rescaler_utils.c.o
[312/605] Building C object 3rdparty/libwebp/CMakeFiles/libwebp.dir/src/utils/thread_utils.c.o
[313/605] Building C object 3rdparty/libwebp/CMakeFiles/libwebp.dir/src/utils/utils.c.o
[314/605] Building C object 3rdparty/libjasper/CMakeFiles/libjasper.dir/jas_debug.c.o
[315/605] Building C object 3rdparty/libjasper/CMakeFiles/libjasper.dir/jas_getopt.c.o
[316/605] Building C object 3rdparty/libjasper/CMakeFiles/libjasper.dir/jas_cm.c.o
In function ‘jas_cmprof_createsycc’,
    inlined from ‘jas_cmprof_createfromclrspc’ at /home/runner/work/DTMC-GA-Reproducibility-Artifact/DTMC-GA-Reproducibility-Artifact/opencv-src/3rdparty/libjasper/jas_cm.c:153:22,
    inlined from ‘jas_cmprof_createfromclrspc’ at /home/runner/work/DTMC-GA-Reproducibility-Artifact/DTMC-GA-Reproducibility-Artifact/opencv-src/3rdparty/libjasper/jas_cm.c:144:15:
/home/runner/work/DTMC-GA-Reproducibility-Artifact/DTMC-GA-Reproducibility-Artifact/opencv-src/3rdparty/libjasper/jas_cm.c:219:5: warning: ‘jas_cmshapmat_invmat’ accessing 96 bytes in a region of size 32 [-Wstringop-overflow=]
  219 |     jas_cmshapmat_invmat(revshapmat->mat, fwdshapmat->mat);
      |     ^~~~~~~~~~~~~~~~~~~~~~~~~~~~~~~~~~~~~~~~~~~~~~~~~~~~~~
/home/runner/work/DTMC-GA-Reproducibility-Artifact/DTMC-GA-Reproducibility-Artifact/opencv-src/3rdparty/libjasper/jas_cm.c: In function ‘jas_cmprof_createfromclrspc’:
/home/runner/work/DTMC-GA-Reproducibility-Artifact/DTMC-GA-Reproducibility-Artifact/opencv-src/3rdparty/libjasper/jas_cm.c:219:5: note: referencing argument 2 of type ‘jas_cmreal_t (*)[4]’ {aka ‘double (*)[4]’}
/home/runner/work/DTMC-GA-Reproducibility-Artifact/DTMC-GA-Reproducibility-Artifact/opencv-src/3rdparty/libjasper/jas_cm.c:1001:12: note: in a call to function ‘jas_cmshapmat_invmat’
 1001 | static int jas_cmshapmat_invmat(jas_cmreal_t out[3][4], jas_cmreal_t in[3][4])
      |            ^~~~~~~~~~~~~~~~~~~~
[317/605] Building C object 3rdparty/libjasper/CMakeFiles/libjasper.dir/jas_iccdata.c.o
[318/605] Building C object 3rdparty/libjasper/CMakeFiles/libjasper.dir/jas_image.c.o
[319/605] Building C object 3rdparty/libjasper/CMakeFiles/libjasper.dir/jas_init.c.o
[320/605] Building C object 3rdparty/libjasper/CMakeFiles/libjasper.dir/jas_malloc.c.o
[321/605] Building C object 3rdparty/libjasper/CMakeFiles/libjasper.dir/jas_seq.c.o
[322/605] Building C object 3rdparty/libjasper/CMakeFiles/libjasper.dir/jas_icc.c.o
[323/605] Building C object 3rdparty/libjasper/CMakeFiles/libjasper.dir/jas_string.c.o
[324/605] Building C object 3rdparty/libjasper/CMakeFiles/libjasper.dir/jas_tmr.c.o
[325/605] Building C object 3rdparty/libjasper/CMakeFiles/libjasper.dir/jas_tvp.c.o
[326/605] Building C object 3rdparty/libjasper/CMakeFiles/libjasper.dir/jas_version.c.o
[327/605] Building C object 3rdparty/libjasper/CMakeFiles/libjasper.dir/jas_stream.c.o
[328/605] Building C object 3rdparty/libjasper/CMakeFiles/libjasper.dir/jp2_dec.c.o
[329/605] Building C object 3rdparty/libjasper/CMakeFiles/libjasper.dir/jp2_enc.c.o
[330/605] Building C object 3rdparty/libjasper/CMakeFiles/libjasper.dir/jpc_bs.c.o
[331/605] Building C object 3rdparty/libjasper/CMakeFiles/libjasper.dir/jp2_cod.c.o
[332/605] Building C object 3rdparty/libjasper/CMakeFiles/libjasper.dir/jpc_cs.c.o
[333/605] Building C object 3rdparty/libjasper/CMakeFiles/libjasper.dir/jpc_dec.c.o
[334/605] Building C object 3rdparty/libjasper/CMakeFiles/libjasper.dir/jpc_math.c.o
[335/605] Building C object 3rdparty/libjasper/CMakeFiles/libjasper.dir/jpc_mct.c.o
[336/605] Building C object 3rdparty/libjasper/CMakeFiles/libjasper.dir/jpc_mqcod.c.o
[337/605] Building C object 3rdparty/libjasper/CMakeFiles/libjasper.dir/jpc_mqdec.c.o
[338/605] Building C object 3rdparty/libjasper/CMakeFiles/libjasper.dir/jpc_mqenc.c.o
[339/605] Building C object 3rdparty/libjasper/CMakeFiles/libjasper.dir/jpc_enc.c.o
[340/605] Building C object 3rdparty/libjasper/CMakeFiles/libjasper.dir/jpc_t1cod.c.o
[341/605] Building C object 3rdparty/libjasper/CMakeFiles/libjasper.dir/jpc_t1dec.c.o
[342/605] Building C object 3rdparty/libjasper/CMakeFiles/libjasper.dir/jpc_qmfb.c.o
[343/605] Building C object 3rdparty/libjasper/CMakeFiles/libjasper.dir/jpc_t2cod.c.o
[344/605] Building C object 3rdparty/libjasper/CMakeFiles/libjasper.dir/jpc_t2dec.c.o
[345/605] Building C object 3rdparty/libjasper/CMakeFiles/libjasper.dir/jpc_t1enc.c.o
[346/605] Building C object 3rdparty/libjasper/CMakeFiles/libjasper.dir/jpc_tagtree.c.o
[347/605] Building C object 3rdparty/libjasper/CMakeFiles/libjasper.dir/jpc_t2enc.c.o
[348/605] Building C object 3rdparty/libjasper/CMakeFiles/libjasper.dir/jpc_util.c.o
[349/605] Building C object 3rdparty/libjasper/CMakeFiles/libjasper.dir/jpc_tsfb.c.o
[350/605] Linking CXX shared library lib/libopencv_imgproc.so.4.7.0
[351/605] Linking C static library 3rdparty/lib/liblibjasper.a
[352/605] Creating library symlink lib/libopencv_imgproc.so.407 lib/libopencv_imgproc.so
[353/605] Linking C static library 3rdparty/lib/liblibwebp.a
[354/605] Building CXX object modules/imgcodecs/CMakeFiles/opencv_imgcodecs.dir/src/utils.cpp.o
[355/605] Building CXX object modules/imgcodecs/CMakeFiles/opencv_imgcodecs.dir/src/grfmt_base.cpp.o
[356/605] Building CXX object modules/imgcodecs/CMakeFiles/opencv_imgcodecs.dir/src/loadsave.cpp.o
[357/605] Building CXX object modules/imgcodecs/CMakeFiles/opencv_imgcodecs.dir/src/grfmt_bmp.cpp.o
[358/605] Building CXX object modules/imgcodecs/CMakeFiles/opencv_imgcodecs.dir/src/grfmt_exr.cpp.o
[359/605] Building CXX object modules/imgcodecs/CMakeFiles/opencv_imgcodecs.dir/src/grfmt_gdal.cpp.o
[360/605] Building CXX object modules/imgcodecs/CMakeFiles/opencv_imgcodecs.dir/src/grfmt_gdcm.cpp.o
[361/605] Building CXX object modules/imgcodecs/CMakeFiles/opencv_imgcodecs.dir/src/grfmt_hdr.cpp.o
[362/605] Building CXX object modules/imgcodecs/CMakeFiles/opencv_imgcodecs.dir/src/grfmt_jpeg.cpp.o
[363/605] Building CXX object modules/imgcodecs/CMakeFiles/opencv_imgcodecs.dir/src/grfmt_jpeg2000_openjpeg.cpp.o
[364/605] Building CXX object modules/imgcodecs/CMakeFiles/opencv_imgcodecs.dir/src/grfmt_jpeg2000.cpp.o
[365/605] Building CXX object modules/imgcodecs/CMakeFiles/opencv_imgcodecs.dir/src/grfmt_pam.cpp.o
[366/605] Building CXX object modules/imgcodecs/CMakeFiles/opencv_imgcodecs.dir/src/grfmt_pfm.cpp.o
[367/605] Building CXX object modules/imgcodecs/CMakeFiles/opencv_imgcodecs.dir/src/grfmt_png.cpp.o
[368/605] Building CXX object modules/imgcodecs/CMakeFiles/opencv_imgcodecs.dir/src/grfmt_pxm.cpp.o
[369/605] Building CXX object modules/imgcodecs/CMakeFiles/opencv_imgcodecs.dir/src/grfmt_spng.cpp.o
[370/605] Building CXX object modules/imgcodecs/CMakeFiles/opencv_imgcodecs.dir/src/grfmt_sunras.cpp.o
[371/605] Building CXX object modules/imgcodecs/CMakeFiles/opencv_imgcodecs.dir/src/grfmt_webp.cpp.o
[372/605] Building CXX object modules/imgcodecs/CMakeFiles/opencv_imgcodecs.dir/src/grfmt_tiff.cpp.o
[373/605] Building CXX object modules/imgcodecs/CMakeFiles/opencv_imgcodecs.dir/src/bitstrm.cpp.o
[374/605] Building CXX object modules/imgcodecs/CMakeFiles/opencv_imgcodecs.dir/src/rgbe.cpp.o
[375/605] Building CXX object modules/imgcodecs/CMakeFiles/opencv_imgcodecs.dir/src/exif.cpp.o
[376/605] Linking CXX shared library lib/libopencv_imgcodecs.so.4.7.0
[377/605] Creating library symlink lib/libopencv_imgcodecs.so.407 lib/libopencv_imgcodecs.so
[378/605] Building CXX object modules/videoio/CMakeFiles/opencv_videoio.dir/src/videoio_c.cpp.o
[379/605] Building CXX object modules/videoio/CMakeFiles/opencv_videoio.dir/src/videoio_registry.cpp.o
[380/605] Building CXX object modules/videoio/CMakeFiles/opencv_videoio.dir/src/cap.cpp.o
[381/605] Building CXX object modules/videoio/CMakeFiles/opencv_videoio.dir/src/cap_images.cpp.o
[382/605] Building CXX object modules/videoio/CMakeFiles/opencv_videoio.dir/src/cap_mjpeg_decoder.cpp.o
[383/605] Building CXX object modules/videoio/CMakeFiles/opencv_videoio.dir/src/cap_mjpeg_encoder.cpp.o
[384/605] Building CXX object modules/videoio/CMakeFiles/opencv_videoio.dir/src/backend_static.cpp.o
[385/605] Building CXX object modules/videoio/CMakeFiles/opencv_videoio.dir/src/backend_plugin.cpp.o
[386/605] Building CXX object modules/videoio/CMakeFiles/opencv_videoio.dir/src/container_avi.cpp.o
[387/605] Building CXX object modules/videoio/CMakeFiles/opencv_videoio.dir/src/cap_obsensor_capture.cpp.o
[388/605] Building CXX object modules/videoio/CMakeFiles/opencv_videoio.dir/src/cap_obsensor/obsensor_uvc_stream_channel.cpp.o
[389/605] Building CXX object 3rdparty/protobuf/CMakeFiles/libprotobuf.dir/src/google/protobuf/any_lite.cc.o
[390/605] Building CXX object modules/videoio/CMakeFiles/opencv_videoio.dir/src/cap_obsensor/obsensor_stream_channel_v4l2.cpp.o
[391/605] Linking CXX shared library lib/libopencv_videoio.so.4.7.0
[392/605] Building CXX object 3rdparty/protobuf/CMakeFiles/libprotobuf.dir/src/google/protobuf/arena.cc.o
[393/605] Building CXX object 3rdparty/protobuf/CMakeFiles/libprotobuf.dir/src/google/protobuf/arenastring.cc.o
[394/605] Building CXX object 3rdparty/protobuf/CMakeFiles/libprotobuf.dir/src/google/protobuf/generated_message_util.cc.o
[395/605] Building CXX object 3rdparty/protobuf/CMakeFiles/libprotobuf.dir/src/google/protobuf/implicit_weak_message.cc.o
[396/605] Building CXX object 3rdparty/protobuf/CMakeFiles/libprotobuf.dir/src/google/protobuf/extension_set.cc.o
[397/605] Building CXX object 3rdparty/protobuf/CMakeFiles/libprotobuf.dir/src/google/protobuf/io/io_win32.cc.o
[398/605] Building CXX object 3rdparty/protobuf/CMakeFiles/libprotobuf.dir/src/google/protobuf/io/strtod.cc.o
[399/605] Building CXX object 3rdparty/protobuf/CMakeFiles/libprotobuf.dir/src/google/protobuf/io/zero_copy_stream.cc.o
[400/605] Building CXX object 3rdparty/protobuf/CMakeFiles/libprotobuf.dir/src/google/protobuf/io/coded_stream.cc.o
[401/605] Building CXX object 3rdparty/protobuf/CMakeFiles/libprotobuf.dir/src/google/protobuf/io/zero_copy_stream_impl.cc.o
[402/605] Building CXX object 3rdparty/protobuf/CMakeFiles/libprotobuf.dir/src/google/protobuf/io/zero_copy_stream_impl_lite.cc.o
[403/605] Building CXX object 3rdparty/protobuf/CMakeFiles/libprotobuf.dir/src/google/protobuf/map.cc.o
[404/605] Building CXX object 3rdparty/protobuf/CMakeFiles/libprotobuf.dir/src/google/protobuf/message_lite.cc.o
In file included from /usr/include/string.h:535,
                 from /home/runner/work/DTMC-GA-Reproducibility-Artifact/DTMC-GA-Reproducibility-Artifact/opencv-src/3rdparty/protobuf/src/google/protobuf/stubs/port.h:39,
                 from /home/runner/work/DTMC-GA-Reproducibility-Artifact/DTMC-GA-Reproducibility-Artifact/opencv-src/3rdparty/protobuf/src/google/protobuf/stubs/common.h:48,
                 from /home/runner/work/DTMC-GA-Reproducibility-Artifact/DTMC-GA-Reproducibility-Artifact/opencv-src/3rdparty/protobuf/src/google/protobuf/message_lite.h:45,
                 from /home/runner/work/DTMC-GA-Reproducibility-Artifact/DTMC-GA-Reproducibility-Artifact/opencv-src/3rdparty/protobuf/src/google/protobuf/message_lite.cc:36:
In function ‘void* memcpy(void*, const void*, size_t)’,
    inlined from ‘uint8_t* google::protobuf::io::EpsCopyOutputStream::WriteRaw(const void*, int, uint8_t*)’ at /home/runner/work/DTMC-GA-Reproducibility-Artifact/DTMC-GA-Reproducibility-Artifact/opencv-src/3rdparty/protobuf/src/google/protobuf/io/coded_stream.h:706:16,
    inlined from ‘virtual uint8_t* google::protobuf::internal::ImplicitWeakMessage::_InternalSerialize(uint8_t*, google::protobuf::io::EpsCopyOutputStream*) const’ at /home/runner/work/DTMC-GA-Reproducibility-Artifact/DTMC-GA-Reproducibility-Artifact/opencv-src/3rdparty/protobuf/src/google/protobuf/implicit_weak_message.h:84:28,
    inlined from ‘bool google::protobuf::MessageLite::SerializePartialToZeroCopyStream(google::protobuf::io::ZeroCopyOutputStream*) const’ at /home/runner/work/DTMC-GA-Reproducibility-Artifact/DTMC-GA-Reproducibility-Artifact/opencv-src/3rdparty/protobuf/src/google/protobuf/message_lite.cc:412:30,
    inlined from ‘bool google::protobuf::MessageLite::SerializeToZeroCopyStream(google::protobuf::io::ZeroCopyOutputStream*) const’ at /home/runner/work/DTMC-GA-Reproducibility-Artifact/DTMC-GA-Reproducibility-Artifact/opencv-src/3rdparty/protobuf/src/google/protobuf/message_lite.cc:396:42:
/usr/include/x86_64-linux-gnu/bits/string_fortified.h:29:33: warning: ‘void* __builtin___memcpy_chk(void*, const void*, long unsigned int, long unsigned int)’ specified size between 18446744071562067968 and 18446744073709551615 exceeds maximum object size 9223372036854775807 [-Wstringop-overflow=]
   29 |   return __builtin___memcpy_chk (__dest, __src, __len,
      |          ~~~~~~~~~~~~~~~~~~~~~~~^~~~~~~~~~~~~~~~~~~~~~
   30 |                                  __glibc_objsize0 (__dest));
      |                                  ~~~~~~~~~~~~~~~~~~~~~~~~~~
In function ‘void* memcpy(void*, const void*, size_t)’,
    inlined from ‘uint8_t* google::protobuf::io::EpsCopyOutputStream::WriteRaw(const void*, int, uint8_t*)’ at /home/runner/work/DTMC-GA-Reproducibility-Artifact/DTMC-GA-Reproducibility-Artifact/opencv-src/3rdparty/protobuf/src/google/protobuf/io/coded_stream.h:706:16,
    inlined from ‘virtual uint8_t* google::protobuf::internal::ImplicitWeakMessage::_InternalSerialize(uint8_t*, google::protobuf::io::EpsCopyOutputStream*) const’ at /home/runner/work/DTMC-GA-Reproducibility-Artifact/DTMC-GA-Reproducibility-Artifact/opencv-src/3rdparty/protobuf/src/google/protobuf/implicit_weak_message.h:84:28,
    inlined from ‘bool google::protobuf::MessageLite::SerializePartialToZeroCopyStream(google::protobuf::io::ZeroCopyOutputStream*) const’ at /home/runner/work/DTMC-GA-Reproducibility-Artifact/DTMC-GA-Reproducibility-Artifact/opencv-src/3rdparty/protobuf/src/google/protobuf/message_lite.cc:412:30:
/usr/include/x86_64-linux-gnu/bits/string_fortified.h:29:33: warning: ‘void* __builtin___memcpy_chk(void*, const void*, long unsigned int, long unsigned int)’ specified size between 18446744071562067968 and 18446744073709551615 exceeds maximum object size 9223372036854775807 [-Wstringop-overflow=]
   29 |   return __builtin___memcpy_chk (__dest, __src, __len,
      |          ~~~~~~~~~~~~~~~~~~~~~~~^~~~~~~~~~~~~~~~~~~~~~
   30 |                                  __glibc_objsize0 (__dest));
      |                                  ~~~~~~~~~~~~~~~~~~~~~~~~~~
[405/605] Building CXX object 3rdparty/protobuf/CMakeFiles/libprotobuf.dir/src/google/protobuf/parse_context.cc.o
[406/605] Building CXX object 3rdparty/protobuf/CMakeFiles/libprotobuf.dir/src/google/protobuf/repeated_ptr_field.cc.o
[407/605] Building CXX object 3rdparty/protobuf/CMakeFiles/libprotobuf.dir/src/google/protobuf/stubs/bytestream.cc.o
[408/605] Building CXX object 3rdparty/protobuf/CMakeFiles/libprotobuf.dir/src/google/protobuf/repeated_field.cc.o
[409/605] Building CXX object 3rdparty/protobuf/CMakeFiles/libprotobuf.dir/src/google/protobuf/stubs/common.cc.o
[410/605] Building CXX object 3rdparty/protobuf/CMakeFiles/libprotobuf.dir/src/google/protobuf/stubs/int128.cc.o
[411/605] Building CXX object 3rdparty/protobuf/CMakeFiles/libprotobuf.dir/src/google/protobuf/stubs/stringpiece.cc.o
[412/605] Building CXX object 3rdparty/protobuf/CMakeFiles/libprotobuf.dir/src/google/protobuf/stubs/status.cc.o
[413/605] Building CXX object 3rdparty/protobuf/CMakeFiles/libprotobuf.dir/src/google/protobuf/stubs/stringprintf.cc.o
[414/605] Building CXX object 3rdparty/protobuf/CMakeFiles/libprotobuf.dir/src/google/protobuf/stubs/structurally_valid.cc.o
[415/605] Building CXX object 3rdparty/protobuf/CMakeFiles/libprotobuf.dir/src/google/protobuf/wire_format_lite.cc.o
[416/605] Building CXX object 3rdparty/protobuf/CMakeFiles/libprotobuf.dir/src/google/protobuf/stubs/strutil.cc.o
[417/605] Building CXX object 3rdparty/protobuf/CMakeFiles/libprotobuf.dir/src/google/protobuf/any.cc.o
[418/605] Building CXX object 3rdparty/protobuf/CMakeFiles/libprotobuf.dir/src/google/protobuf/descriptor.pb.cc.o
[419/605] Building CXX object 3rdparty/protobuf/CMakeFiles/libprotobuf.dir/src/google/protobuf/descriptor_database.cc.o
[420/605] Building CXX object 3rdparty/protobuf/CMakeFiles/libprotobuf.dir/src/google/protobuf/descriptor.cc.o
[421/605] Building CXX object 3rdparty/protobuf/CMakeFiles/libprotobuf.dir/src/google/protobuf/dynamic_message.cc.o
[422/605] Building CXX object 3rdparty/protobuf/CMakeFiles/libprotobuf.dir/src/google/protobuf/extension_set_heavy.cc.o
[423/605] Building CXX object 3rdparty/protobuf/CMakeFiles/libprotobuf.dir/src/google/protobuf/io/tokenizer.cc.o
[424/605] Building CXX object 3rdparty/protobuf/CMakeFiles/libprotobuf.dir/src/google/protobuf/generated_message_reflection.cc.o
[425/605] Building CXX object 3rdparty/protobuf/CMakeFiles/libprotobuf.dir/src/google/protobuf/map_field.cc.o
[426/605] Building CXX object 3rdparty/protobuf/CMakeFiles/libprotobuf.dir/src/google/protobuf/message.cc.o
[427/605] Building CXX object 3rdparty/protobuf/CMakeFiles/libprotobuf.dir/src/google/protobuf/stubs/substitute.cc.o
[428/605] Building CXX object 3rdparty/protobuf/CMakeFiles/libprotobuf.dir/src/google/protobuf/reflection_ops.cc.o
[429/605] Building CXX object 3rdparty/protobuf/CMakeFiles/libprotobuf.dir/src/google/protobuf/unknown_field_set.cc.o
[430/605] Building CXX object 3rdparty/protobuf/CMakeFiles/libprotobuf.dir/src/google/protobuf/text_format.cc.o
[431/605] Creating library symlink lib/libopencv_videoio.so.407 lib/libopencv_videoio.so
[432/605] Building CXX object 3rdparty/protobuf/CMakeFiles/libprotobuf.dir/src/google/protobuf/wire_format.cc.o
[433/605] Building CXX object modules/highgui/CMakeFiles/opencv_highgui.dir/src/window.cpp.o
[434/605] Building CXX object modules/highgui/CMakeFiles/opencv_highgui.dir/src/backend.cpp.o
[435/605] Linking CXX static library 3rdparty/lib/liblibprotobuf.a
[436/605] Building CXX object modules/highgui/CMakeFiles/opencv_highgui.dir/src/roiSelector.cpp.o
[437/605] Building CXX object modules/dnn/CMakeFiles/opencv_dnn.dir/misc/onnx/opencv-onnx.pb.cc.o
[438/605] Building CXX object modules/dnn/CMakeFiles/opencv_dnn.dir/misc/tensorflow/attr_value.pb.cc.o
[439/605] Building CXX object modules/dnn/CMakeFiles/opencv_dnn.dir/misc/tensorflow/function.pb.cc.o
[440/605] Building CXX object modules/dnn/CMakeFiles/opencv_dnn.dir/misc/tensorflow/graph.pb.cc.o
[441/605] Building CXX object modules/dnn/CMakeFiles/opencv_dnn.dir/misc/caffe/opencv-caffe.pb.cc.o
[442/605] Building CXX object modules/dnn/CMakeFiles/opencv_dnn.dir/misc/tensorflow/op_def.pb.cc.o
[443/605] Building CXX object modules/dnn/CMakeFiles/opencv_dnn.dir/misc/tensorflow/tensor.pb.cc.o
[444/605] Building CXX object modules/dnn/CMakeFiles/opencv_dnn.dir/misc/tensorflow/types.pb.cc.o
[445/605] Building CXX object modules/dnn/CMakeFiles/opencv_dnn.dir/misc/tensorflow/tensor_shape.pb.cc.o
[446/605] Building CXX object modules/dnn/CMakeFiles/opencv_dnn.dir/misc/tensorflow/versions.pb.cc.o
[447/605] Building CXX object modules/dnn/CMakeFiles/opencv_dnn.dir/src/backend.cpp.o
[448/605] Building CXX object modules/dnn/CMakeFiles/opencv_dnn.dir/src/caffe/caffe_importer.cpp.o
[449/605] Building CXX object modules/dnn/CMakeFiles/opencv_dnn.dir/src/caffe/caffe_io.cpp.o
[450/605] Building CXX object modules/dnn/CMakeFiles/opencv_dnn.dir/src/caffe/caffe_shrinker.cpp.o
[451/605] Building CXX object modules/dnn/CMakeFiles/opencv_dnn.dir/src/darknet/darknet_importer.cpp.o
[452/605] Building CXX object modules/dnn/CMakeFiles/opencv_dnn.dir/src/debug_utils.cpp.o
[453/605] Building CXX object modules/dnn/CMakeFiles/opencv_dnn.dir/src/dnn.cpp.o
[454/605] Building CXX object modules/dnn/CMakeFiles/opencv_dnn.dir/src/darknet/darknet_io.cpp.o
[455/605] Building CXX object modules/dnn/CMakeFiles/opencv_dnn.dir/src/dnn_params.cpp.o
[456/605] Building CXX object modules/dnn/CMakeFiles/opencv_dnn.dir/src/dnn_read.cpp.o
[457/605] Building CXX object modules/dnn/CMakeFiles/opencv_dnn.dir/src/dnn_utils.cpp.o
[458/605] Building CXX object modules/dnn/CMakeFiles/opencv_dnn.dir/src/halide_scheduler.cpp.o
[459/605] Building CXX object modules/dnn/CMakeFiles/opencv_dnn.dir/src/graph_simplifier.cpp.o
[460/605] Building CXX object modules/dnn/CMakeFiles/opencv_dnn.dir/src/ie_ngraph.cpp.o
[461/605] Building CXX object modules/dnn/CMakeFiles/opencv_dnn.dir/src/init.cpp.o
[462/605] Building CXX object modules/dnn/CMakeFiles/opencv_dnn.dir/src/int8layers/batch_norm_layer.cpp.o
[463/605] Building CXX object modules/dnn/CMakeFiles/opencv_dnn.dir/src/int8layers/elementwise_layers.cpp.o
[464/605] Building CXX object modules/dnn/CMakeFiles/opencv_dnn.dir/src/int8layers/convolution_layer.cpp.o
[465/605] Building CXX object modules/dnn/CMakeFiles/opencv_dnn.dir/src/int8layers/eltwise_layer.cpp.o
[466/605] Building CXX object modules/dnn/CMakeFiles/opencv_dnn.dir/src/int8layers/fully_connected_layer.cpp.o
[467/605] Building CXX object modules/dnn/CMakeFiles/opencv_dnn.dir/src/int8layers/pooling_layer.cpp.o
[468/605] Building CXX object modules/dnn/CMakeFiles/opencv_dnn.dir/src/int8layers/quantization_utils.cpp.o
[469/605] Building CXX object modules/dnn/CMakeFiles/opencv_dnn.dir/src/int8layers/reduce_layer.cpp.o
[470/605] Building CXX object modules/dnn/CMakeFiles/opencv_dnn.dir/src/int8layers/scale_layer.cpp.o
[471/605] Building CXX object modules/dnn/CMakeFiles/opencv_dnn.dir/src/int8layers/softmax_layer.cpp.o
[472/605] Building CXX object modules/dnn/CMakeFiles/opencv_dnn.dir/src/layer.cpp.o
[473/605] Building CXX object modules/dnn/CMakeFiles/opencv_dnn.dir/src/layer_factory.cpp.o
[474/605] Building CXX object modules/dnn/CMakeFiles/opencv_dnn.dir/src/layers/arg_layer.cpp.o
[475/605] Building CXX object modules/dnn/CMakeFiles/opencv_dnn.dir/src/layers/accum_layer.cpp.o
[476/605] Building CXX object modules/dnn/CMakeFiles/opencv_dnn.dir/src/layers/blank_layer.cpp.o
[477/605] Building CXX object modules/dnn/CMakeFiles/opencv_dnn.dir/src/layers/batch_norm_layer.cpp.o
[478/605] Building CXX object modules/dnn/CMakeFiles/opencv_dnn.dir/src/layers/const_layer.cpp.o
[479/605] Building CXX object modules/dnn/CMakeFiles/opencv_dnn.dir/src/layers/concat_layer.cpp.o
[480/605] Building CXX object modules/dnn/CMakeFiles/opencv_dnn.dir/src/layers/correlation_layer.cpp.o
[481/605] Building CXX object modules/dnn/CMakeFiles/opencv_dnn.dir/src/layers/convolution_layer.cpp.o
[482/605] Building CXX object modules/dnn/CMakeFiles/opencv_dnn.dir/src/layers/crop_and_resize_layer.cpp.o
[483/605] Building CXX object modules/dnn/CMakeFiles/opencv_dnn.dir/src/layers/cumsum_layer.cpp.o
[484/605] Building CXX object modules/dnn/CMakeFiles/opencv_dnn.dir/src/layers/detection_output_layer.cpp.o
[485/605] Building CXX object modules/dnn/CMakeFiles/opencv_dnn.dir/src/layers/eltwise_layer.cpp.o
[486/605] Building CXX object modules/dnn/CMakeFiles/opencv_dnn.dir/src/layers/fast_convolution/depthwise_convolution.cpp.o
[487/605] Building CXX object modules/dnn/CMakeFiles/opencv_dnn.dir/src/layers/elementwise_layers.cpp.o
[488/605] Building CXX object modules/dnn/CMakeFiles/opencv_dnn.dir/src/layers/fast_convolution/winograd_3x3s1_f63.cpp.o
[489/605] Building CXX object modules/dnn/CMakeFiles/opencv_dnn.dir/src/layers/fast_convolution/fast_convolution.cpp.o
[490/605] Building CXX object modules/dnn/CMakeFiles/opencv_dnn.dir/src/layers/flatten_layer.cpp.o
[491/605] Building CXX object modules/dnn/CMakeFiles/opencv_dnn.dir/src/layers/flow_warp_layer.cpp.o
[492/605] Building CXX object modules/dnn/CMakeFiles/opencv_dnn.dir/src/layers/gather_layer.cpp.o
[493/605] Building CXX object modules/dnn/CMakeFiles/opencv_dnn.dir/src/layers/fully_connected_layer.cpp.o
[494/605] Building CXX object modules/dnn/CMakeFiles/opencv_dnn.dir/src/layers/layers_common.cpp.o
[495/605] Building CXX object modules/dnn/CMakeFiles/opencv_dnn.dir/src/layers/lrn_layer.cpp.o
[496/605] Building CXX object modules/dnn/CMakeFiles/opencv_dnn.dir/src/layers/mvn_layer.cpp.o
[497/605] Building CXX object modules/dnn/CMakeFiles/opencv_dnn.dir/src/layers/max_unpooling_layer.cpp.o
[498/605] Building CXX object modules/dnn/CMakeFiles/opencv_dnn.dir/src/layers/normalize_bbox_layer.cpp.o
[499/605] Building CXX object modules/dnn/CMakeFiles/opencv_dnn.dir/src/layers/not_implemented_layer.cpp.o
[500/605] Building CXX object modules/dnn/CMakeFiles/opencv_dnn.dir/src/layers/padding_layer.cpp.o
[501/605] Building CXX object modules/dnn/CMakeFiles/opencv_dnn.dir/src/layers/permute_layer.cpp.o
[502/605] Building CXX object modules/dnn/CMakeFiles/opencv_dnn.dir/src/layers/pooling_layer.cpp.o
[503/605] Building CXX object modules/dnn/CMakeFiles/opencv_dnn.dir/src/layers/prior_box_layer.cpp.o
[504/605] Building CXX object modules/dnn/CMakeFiles/opencv_dnn.dir/src/layers/nary_eltwise_layers.cpp.o
[505/605] Building CXX object modules/dnn/CMakeFiles/opencv_dnn.dir/src/layers/proposal_layer.cpp.o
[506/605] Building CXX object modules/dnn/CMakeFiles/opencv_dnn.dir/src/layers/recurrent_layers.cpp.o
[507/605] Building CXX object modules/dnn/CMakeFiles/opencv_dnn.dir/src/layers/reduce_layer.cpp.o
[508/605] Building CXX object modules/dnn/CMakeFiles/opencv_dnn.dir/src/layers/region_layer.cpp.o
[509/605] Building CXX object modules/dnn/CMakeFiles/opencv_dnn.dir/src/layers/reorg_layer.cpp.o
[510/605] Building CXX object modules/dnn/CMakeFiles/opencv_dnn.dir/src/layers/reshape_layer.cpp.o
[511/605] Building CXX object modules/dnn/CMakeFiles/opencv_dnn.dir/src/layers/resize_layer.cpp.o
[512/605] Building CXX object modules/dnn/CMakeFiles/opencv_dnn.dir/src/layers/scale_layer.cpp.o
[513/605] Building CXX object modules/dnn/CMakeFiles/opencv_dnn.dir/src/layers/scatterND_layer.cpp.o
[514/605] Building CXX object modules/dnn/CMakeFiles/opencv_dnn.dir/src/layers/scatter_layer.cpp.o
[515/605] Building CXX object modules/dnn/CMakeFiles/opencv_dnn.dir/src/layers/shuffle_channel_layer.cpp.o
[516/605] Building CXX object modules/dnn/CMakeFiles/opencv_dnn.dir/src/layers/slice_layer.cpp.o
[517/605] Building CXX object modules/dnn/CMakeFiles/opencv_dnn.dir/src/layers/softmax_layer.cpp.o
[518/605] Building CXX object modules/dnn/CMakeFiles/opencv_dnn.dir/src/layers/split_layer.cpp.o
[519/605] Building CXX object modules/dnn/CMakeFiles/opencv_dnn.dir/src/layers/tile_layer.cpp.o
[520/605] Building CXX object modules/dnn/CMakeFiles/opencv_dnn.dir/src/legacy_backend.cpp.o
[521/605] Building CXX object modules/dnn/CMakeFiles/opencv_dnn.dir/src/net.cpp.o
[522/605] Building CXX object modules/dnn/CMakeFiles/opencv_dnn.dir/src/net_cann.cpp.o
[523/605] Building CXX object modules/dnn/CMakeFiles/opencv_dnn.dir/src/model.cpp.o
[524/605] Building CXX object modules/dnn/CMakeFiles/opencv_dnn.dir/src/net_impl_backend.cpp.o
[525/605] Building CXX object modules/dnn/CMakeFiles/opencv_dnn.dir/src/net_impl_fuse.cpp.o
[526/605] Building CXX object modules/dnn/CMakeFiles/opencv_dnn.dir/src/net_openvino.cpp.o
[527/605] Building CXX object modules/dnn/CMakeFiles/opencv_dnn.dir/src/net_impl.cpp.o
[528/605] Building CXX object modules/dnn/CMakeFiles/opencv_dnn.dir/src/nms.cpp.o
[529/605] Building CXX object modules/dnn/CMakeFiles/opencv_dnn.dir/src/net_quantization.cpp.o
[530/605] Building CXX object modules/dnn/CMakeFiles/opencv_dnn.dir/src/onnx/onnx_graph_simplifier.cpp.o
[531/605] Building CXX object modules/dnn/CMakeFiles/opencv_dnn.dir/src/op_cann.cpp.o
[532/605] Building CXX object modules/dnn/CMakeFiles/opencv_dnn.dir/src/op_cuda.cpp.o
[533/605] Building CXX object modules/dnn/CMakeFiles/opencv_dnn.dir/src/op_halide.cpp.o
[534/605] Building CXX object modules/dnn/CMakeFiles/opencv_dnn.dir/src/op_inf_engine.cpp.o
[535/605] Building CXX object modules/dnn/CMakeFiles/opencv_dnn.dir/src/op_timvx.cpp.o
[536/605] Building CXX object modules/dnn/CMakeFiles/opencv_dnn.dir/src/op_vkcom.cpp.o
[537/605] Building CXX object modules/dnn/CMakeFiles/opencv_dnn.dir/src/onnx/onnx_importer.cpp.o
[538/605] Building CXX object modules/dnn/CMakeFiles/opencv_dnn.dir/src/op_webnn.cpp.o
[539/605] Building CXX object modules/dnn/CMakeFiles/opencv_dnn.dir/src/registry.cpp.o
[540/605] Building CXX object modules/dnn/CMakeFiles/opencv_dnn.dir/src/tengine4dnn/src/tengine_graph_convolution.cpp.o
[541/605] Building CXX object modules/dnn/CMakeFiles/opencv_dnn.dir/src/tensorflow/tf_graph_simplifier.cpp.o
[542/605] Building CXX object modules/dnn/CMakeFiles/opencv_dnn.dir/src/tensorflow/tf_io.cpp.o
[543/605] Building CXX object modules/dnn/CMakeFiles/opencv_dnn.dir/src/torch/THDiskFile.cpp.o
[544/605] Building CXX object modules/dnn/CMakeFiles/opencv_dnn.dir/src/tensorflow/tf_importer.cpp.o
[545/605] Building CXX object modules/dnn/CMakeFiles/opencv_dnn.dir/src/torch/THFile.cpp.o
[546/605] Building CXX object modules/dnn/CMakeFiles/opencv_dnn.dir/src/torch/THGeneral.cpp.o
[547/605] Building CXX object modules/dnn/CMakeFiles/opencv_dnn.dir/src/vkcom/shader/avg_pool_spv.cpp.o
[548/605] Building CXX object modules/dnn/CMakeFiles/opencv_dnn.dir/src/vkcom/shader/concat_spv.cpp.o
[549/605] Building CXX object modules/dnn/CMakeFiles/opencv_dnn.dir/src/vkcom/shader/conv48_nobias_spv.cpp.o
[550/605] Building CXX object modules/dnn/CMakeFiles/opencv_dnn.dir/src/torch/torch_importer.cpp.o
[551/605] Building CXX object modules/dnn/CMakeFiles/opencv_dnn.dir/src/vkcom/shader/conv48_spv.cpp.o
[552/605] Building CXX object modules/dnn/CMakeFiles/opencv_dnn.dir/src/vkcom/shader/conv_spv.cpp.o
[553/605] Building CXX object modules/dnn/CMakeFiles/opencv_dnn.dir/src/vkcom/shader/dw_conv_spv.cpp.o
[554/605] Building CXX object modules/dnn/CMakeFiles/opencv_dnn.dir/src/vkcom/shader/lrn_spv.cpp.o
[555/605] Building CXX object modules/dnn/CMakeFiles/opencv_dnn.dir/src/vkcom/shader/max_pool_spv.cpp.o
[556/605] Building CXX object modules/dnn/CMakeFiles/opencv_dnn.dir/src/vkcom/shader/permute_spv.cpp.o
[557/605] Building CXX object modules/dnn/CMakeFiles/opencv_dnn.dir/src/vkcom/shader/prior_box_spv.cpp.o
[558/605] Building CXX object modules/dnn/CMakeFiles/opencv_dnn.dir/src/vkcom/shader/relu_spv.cpp.o
[559/605] Building CXX object modules/dnn/CMakeFiles/opencv_dnn.dir/src/vkcom/shader/softmax_spv.cpp.o
[560/605] Building CXX object modules/dnn/CMakeFiles/opencv_dnn.dir/src/vkcom/src/buffer.cpp.o
[561/605] Building CXX object modules/dnn/CMakeFiles/opencv_dnn.dir/src/vkcom/src/context.cpp.o
[562/605] Building CXX object modules/dnn/CMakeFiles/opencv_dnn.dir/src/vkcom/src/internal.cpp.o
[563/605] Building CXX object modules/dnn/CMakeFiles/opencv_dnn.dir/src/vkcom/src/op_base.cpp.o
[564/605] Building CXX object modules/dnn/CMakeFiles/opencv_dnn.dir/src/vkcom/src/op_concat.cpp.o
[565/605] Building CXX object modules/dnn/CMakeFiles/opencv_dnn.dir/src/vkcom/src/op_conv.cpp.o
[566/605] Building CXX object modules/dnn/CMakeFiles/opencv_dnn.dir/src/vkcom/src/op_permute.cpp.o
[567/605] Building CXX object modules/dnn/CMakeFiles/opencv_dnn.dir/src/vkcom/src/op_lrn.cpp.o
[568/605] Building CXX object modules/dnn/CMakeFiles/opencv_dnn.dir/src/vkcom/src/op_pool.cpp.o
[569/605] Building CXX object modules/dnn/CMakeFiles/opencv_dnn.dir/src/vkcom/src/op_prior_box.cpp.o
[570/605] Building CXX object modules/dnn/CMakeFiles/opencv_dnn.dir/src/vkcom/src/op_relu.cpp.o
[571/605] Building CXX object modules/dnn/CMakeFiles/opencv_dnn.dir/src/vkcom/src/op_softmax.cpp.o
[572/605] Building CXX object modules/dnn/CMakeFiles/opencv_dnn.dir/src/vkcom/src/tensor.cpp.o
[573/605] Building CXX object modules/dnn/CMakeFiles/opencv_dnn.dir/src/vkcom/vulkan/vk_functions.cpp.o
[574/605] Building CXX object modules/dnn/CMakeFiles/opencv_dnn.dir/src/vkcom/vulkan/vk_loader.cpp.o
[575/605] Building CXX object modules/dnn/CMakeFiles/opencv_dnn.dir/layers/layers_common.avx.cpp.o
[576/605] Building CXX object modules/dnn/CMakeFiles/opencv_dnn.dir/src/layers/fast_convolution/fast_convolution.avx2.cpp.o
[577/605] Building CXX object modules/dnn/CMakeFiles/opencv_dnn.dir/layers/layers_common.avx2.cpp.o
[578/605] Building CXX object modules/dnn/CMakeFiles/opencv_dnn.dir/int8layers/layers_common.avx2.cpp.o
[579/605] Building CXX object modules/dnn/CMakeFiles/opencv_dnn.dir/layers/layers_common.avx512_skx.cpp.o
[580/605] Linking CXX shared library lib/libopencv_highgui.so.4.7.0
[581/605] Creating library symlink lib/libopencv_highgui.so.407 lib/libopencv_highgui.so
[582/605] Building CXX object modules/dnn/CMakeFiles/opencv_dnn.dir/int8layers/layers_common.avx512_skx.cpp.o
[583/605] Building CXX object modules/ts/CMakeFiles/opencv_ts.dir/src/cuda_perf.cpp.o
[584/605] Linking CXX shared library lib/libopencv_dnn.so.4.7.0
[585/605] Building CXX object modules/ts/CMakeFiles/opencv_ts.dir/src/ocl_perf.cpp.o
[586/605] Building CXX object modules/ts/CMakeFiles/opencv_ts.dir/src/cuda_test.cpp.o
[587/605] Building CXX object modules/ts/CMakeFiles/opencv_ts.dir/src/ocl_test.cpp.o
[588/605] Building CXX object modules/ts/CMakeFiles/opencv_ts.dir/src/ts_arrtest.cpp.o
[589/605] Building CXX object modules/ts/CMakeFiles/opencv_ts.dir/src/ts.cpp.o
[590/605] Building CXX object modules/ts/CMakeFiles/opencv_ts.dir/src/ts_func.cpp.o
[591/605] Building CXX object modules/ts/CMakeFiles/opencv_ts.dir/src/ts_gtest.cpp.o
[592/605] Building CXX object modules/ts/CMakeFiles/opencv_ts.dir/src/ts_tags.cpp.o
[593/605] Creating library symlink lib/libopencv_dnn.so.407 lib/libopencv_dnn.so
[594/605] Building CXX object modules/dnn/CMakeFiles/opencv_perf_dnn.dir/perf/perf_caffe.cpp.o
[595/605] Building CXX object modules/ts/CMakeFiles/opencv_ts.dir/src/ts_perf.cpp.o
[596/605] Building CXX object modules/dnn/CMakeFiles/opencv_perf_dnn.dir/perf/perf_common.cpp.o
[597/605] Building CXX object modules/dnn/CMakeFiles/opencv_perf_dnn.dir/perf/perf_convolution.cpp.o
[598/605] Building CXX object modules/dnn/CMakeFiles/opencv_perf_dnn.dir/perf/perf_convolution1d.cpp.o
[599/605] Building CXX object modules/dnn/CMakeFiles/opencv_perf_dnn.dir/perf/perf_convolution3d.cpp.o
[600/605] Building CXX object modules/dnn/CMakeFiles/opencv_perf_dnn.dir/perf/perf_main.cpp.o
[601/605] Building CXX object modules/dnn/CMakeFiles/opencv_perf_dnn.dir/perf/perf_layer.cpp.o
[602/605] Building CXX object modules/dnn/CMakeFiles/opencv_perf_dnn.dir/perf/perf_net.cpp.o
[603/605] Linking CXX static library lib/libopencv_ts.a
[604/605] Building CXX object modules/dnn/CMakeFiles/opencv_perf_dnn.dir/perf/perf_recurrent.cpp.o
[605/605] Linking CXX executable bin/opencv_perf_dnn
